Copyright 1986-2022 Xilinx, Inc. All Rights Reserved.
------------------------------------------------------------------------------------------------------------
| Tool Version : Vivado v.2022.1 (win64) Build 3526262 Mon Apr 18 15:48:16 MDT 2022
| Date         : Mon Sep 14 10:46:07 2026
| Command      : report_utilization -hierarchical -file utilization_hierarchical_synth.rpt
| Design       : mlp_bd_wrapper
| Device       : xc7z020clg484-1
| Speed File   : -1
| Design State : Synthesized
------------------------------------------------------------------------------------------------------------

Utilization Design Information

Table of Contents
-----------------
1. Utilization by Hierarchy

1. Utilization by Hierarchy
---------------------------

+------------------------------------------------------+---------------------------------------------------------------------------------+------------+------------+---------+------+-------+--------+--------+------------+
|                       Instance                       |                                      Module                                     | Total LUTs | Logic LUTs | LUTRAMs | SRLs |  FFs  | RAMB36 | RAMB18 | DSP Blocks |
+------------------------------------------------------+---------------------------------------------------------------------------------+------------+------------+---------+------+-------+--------+--------+------------+
| mlp_bd_wrapper                                       |                                                                           (top) |      35331 |      35265 |       0 |   66 | 22933 |     64 |      0 |         64 |
|   (mlp_bd_wrapper)                                   |                                                                           (top) |          0 |          0 |       0 |    0 |     0 |      0 |      0 |          0 |
|   mlp_bd_i                                           |                                                                          mlp_bd |      35331 |      35265 |       0 |   66 | 22933 |     64 |      0 |         64 |
|     (mlp_bd_i)                                       |                                                                          mlp_bd |          0 |          0 |       0 |    0 |     0 |      0 |      0 |          0 |
|     mlp_axi_wrapper_0                                |                                                      mlp_bd_mlp_axi_wrapper_0_0 |      34867 |      34867 |       0 |    0 | 22331 |     64 |      0 |         64 |
|       (mlp_axi_wrapper_0)                            |                                                      mlp_bd_mlp_axi_wrapper_0_0 |       2304 |       2304 |       0 |    0 |     0 |      0 |      0 |          0 |
|       inst                                           |                                      mlp_bd_mlp_axi_wrapper_0_0_mlp_axi_wrapper |      32563 |      32563 |       0 |    0 | 22331 |     64 |      0 |         64 |
|         u_mlp_top                                    |                                              mlp_bd_mlp_axi_wrapper_0_0_mlp_top |      32563 |      32563 |       0 |    0 | 22331 |     64 |      0 |         64 |
|           u_bram                                     |                                             mlp_bd_mlp_axi_wrapper_0_0_bram_tdp |        288 |        288 |       0 |    0 |   216 |     64 |      0 |          0 |
|           u_sequencer                                |                                            mlp_bd_mlp_axi_wrapper_0_0_sequencer |       2093 |       2093 |       0 |    0 |  4739 |      0 |      0 |          0 |
|             (u_sequencer)                            |                                            mlp_bd_mlp_axi_wrapper_0_0_sequencer |        209 |        209 |       0 |    0 |  4433 |      0 |      0 |          0 |
|             u_skewer                                 |                                               mlp_bd_mlp_axi_wrapper_0_0_skewer |       1884 |       1884 |       0 |    0 |   306 |      0 |      0 |          0 |
|           u_systolic                                 |                                        mlp_bd_mlp_axi_wrapper_0_0_systolic_core |      30182 |      30182 |       0 |    0 | 17376 |      0 |      0 |         64 |
|             u_pe_arr                                 |                                             mlp_bd_mlp_axi_wrapper_0_0_pe_array |      29201 |      29201 |       0 |    0 | 16384 |      0 |      0 |          0 |
|               g_row[0].g_col[0].u_pe                 |                                                   mlp_bd_mlp_axi_wrapper_0_0_pe |         84 |         84 |       0 |    0 |    64 |      0 |      0 |          0 |
|               g_row[0].g_col[10].u_pe                |                                                 mlp_bd_mlp_axi_wrapper_0_0_pe_0 |         84 |         84 |       0 |    0 |    64 |      0 |      0 |          0 |
|               g_row[0].g_col[11].u_pe                |                                                 mlp_bd_mlp_axi_wrapper_0_0_pe_1 |         84 |         84 |       0 |    0 |    64 |      0 |      0 |          0 |
|               g_row[0].g_col[12].u_pe                |                                                 mlp_bd_mlp_axi_wrapper_0_0_pe_2 |         84 |         84 |       0 |    0 |    64 |      0 |      0 |          0 |
|               g_row[0].g_col[13].u_pe                |                                                 mlp_bd_mlp_axi_wrapper_0_0_pe_3 |         84 |         84 |       0 |    0 |    64 |      0 |      0 |          0 |
|               g_row[0].g_col[14].u_pe                |                                                 mlp_bd_mlp_axi_wrapper_0_0_pe_4 |         84 |         84 |       0 |    0 |    64 |      0 |      0 |          0 |
|               g_row[0].g_col[15].u_pe                |                                                 mlp_bd_mlp_axi_wrapper_0_0_pe_5 |         84 |         84 |       0 |    0 |    64 |      0 |      0 |          0 |
|               g_row[0].g_col[1].u_pe                 |                                                 mlp_bd_mlp_axi_wrapper_0_0_pe_6 |         84 |         84 |       0 |    0 |    64 |      0 |      0 |          0 |
|               g_row[0].g_col[2].u_pe                 |                                                 mlp_bd_mlp_axi_wrapper_0_0_pe_7 |         84 |         84 |       0 |    0 |    64 |      0 |      0 |          0 |
|               g_row[0].g_col[3].u_pe                 |                                                 mlp_bd_mlp_axi_wrapper_0_0_pe_8 |         84 |         84 |       0 |    0 |    64 |      0 |      0 |          0 |
|               g_row[0].g_col[4].u_pe                 |                                                 mlp_bd_mlp_axi_wrapper_0_0_pe_9 |         84 |         84 |       0 |    0 |    64 |      0 |      0 |          0 |
|               g_row[0].g_col[5].u_pe                 |                                                mlp_bd_mlp_axi_wrapper_0_0_pe_10 |         84 |         84 |       0 |    0 |    64 |      0 |      0 |          0 |
|               g_row[0].g_col[6].u_pe                 |                                                mlp_bd_mlp_axi_wrapper_0_0_pe_11 |         84 |         84 |       0 |    0 |    64 |      0 |      0 |          0 |
|               g_row[0].g_col[7].u_pe                 |                                                mlp_bd_mlp_axi_wrapper_0_0_pe_12 |         84 |         84 |       0 |    0 |    64 |      0 |      0 |          0 |
|               g_row[0].g_col[8].u_pe                 |                                                mlp_bd_mlp_axi_wrapper_0_0_pe_13 |         84 |         84 |       0 |    0 |    64 |      0 |      0 |          0 |
|               g_row[0].g_col[9].u_pe                 |                                                mlp_bd_mlp_axi_wrapper_0_0_pe_14 |         84 |         84 |       0 |    0 |    64 |      0 |      0 |          0 |
|               g_row[10].g_col[0].u_pe                |                                                mlp_bd_mlp_axi_wrapper_0_0_pe_15 |        115 |        115 |       0 |    0 |    64 |      0 |      0 |          0 |
|               g_row[10].g_col[10].u_pe               |                                                mlp_bd_mlp_axi_wrapper_0_0_pe_16 |        115 |        115 |       0 |    0 |    64 |      0 |      0 |          0 |
|               g_row[10].g_col[11].u_pe               |                                                mlp_bd_mlp_axi_wrapper_0_0_pe_17 |        115 |        115 |       0 |    0 |    64 |      0 |      0 |          0 |
|               g_row[10].g_col[12].u_pe               |                                                mlp_bd_mlp_axi_wrapper_0_0_pe_18 |        115 |        115 |       0 |    0 |    64 |      0 |      0 |          0 |
|               g_row[10].g_col[13].u_pe               |                                                mlp_bd_mlp_axi_wrapper_0_0_pe_19 |        115 |        115 |       0 |    0 |    64 |      0 |      0 |          0 |
|               g_row[10].g_col[14].u_pe               |                                                mlp_bd_mlp_axi_wrapper_0_0_pe_20 |        115 |        115 |       0 |    0 |    64 |      0 |      0 |          0 |
|               g_row[10].g_col[15].u_pe               |                                                mlp_bd_mlp_axi_wrapper_0_0_pe_21 |        115 |        115 |       0 |    0 |    64 |      0 |      0 |          0 |
|               g_row[10].g_col[1].u_pe                |                                                mlp_bd_mlp_axi_wrapper_0_0_pe_22 |        115 |        115 |       0 |    0 |    64 |      0 |      0 |          0 |
|               g_row[10].g_col[2].u_pe                |                                                mlp_bd_mlp_axi_wrapper_0_0_pe_23 |        115 |        115 |       0 |    0 |    64 |      0 |      0 |          0 |
|               g_row[10].g_col[3].u_pe                |                                                mlp_bd_mlp_axi_wrapper_0_0_pe_24 |        115 |        115 |       0 |    0 |    64 |      0 |      0 |          0 |
|               g_row[10].g_col[4].u_pe                |                                                mlp_bd_mlp_axi_wrapper_0_0_pe_25 |        115 |        115 |       0 |    0 |    64 |      0 |      0 |          0 |
|               g_row[10].g_col[5].u_pe                |                                                mlp_bd_mlp_axi_wrapper_0_0_pe_26 |        115 |        115 |       0 |    0 |    64 |      0 |      0 |          0 |
|               g_row[10].g_col[6].u_pe                |                                                mlp_bd_mlp_axi_wrapper_0_0_pe_27 |        115 |        115 |       0 |    0 |    64 |      0 |      0 |          0 |
|               g_row[10].g_col[7].u_pe                |                                                mlp_bd_mlp_axi_wrapper_0_0_pe_28 |        115 |        115 |       0 |    0 |    64 |      0 |      0 |          0 |
|               g_row[10].g_col[8].u_pe                |                                                mlp_bd_mlp_axi_wrapper_0_0_pe_29 |        115 |        115 |       0 |    0 |    64 |      0 |      0 |          0 |
|               g_row[10].g_col[9].u_pe                |                                                mlp_bd_mlp_axi_wrapper_0_0_pe_30 |        115 |        115 |       0 |    0 |    64 |      0 |      0 |          0 |
|               g_row[11].g_col[0].u_pe                |                                                mlp_bd_mlp_axi_wrapper_0_0_pe_31 |        115 |        115 |       0 |    0 |    64 |      0 |      0 |          0 |
|               g_row[11].g_col[10].u_pe               |                                                mlp_bd_mlp_axi_wrapper_0_0_pe_32 |        115 |        115 |       0 |    0 |    64 |      0 |      0 |          0 |
|               g_row[11].g_col[11].u_pe               |                                                mlp_bd_mlp_axi_wrapper_0_0_pe_33 |        115 |        115 |       0 |    0 |    64 |      0 |      0 |          0 |
|               g_row[11].g_col[12].u_pe               |                                                mlp_bd_mlp_axi_wrapper_0_0_pe_34 |        115 |        115 |       0 |    0 |    64 |      0 |      0 |          0 |
|               g_row[11].g_col[13].u_pe               |                                                mlp_bd_mlp_axi_wrapper_0_0_pe_35 |        115 |        115 |       0 |    0 |    64 |      0 |      0 |          0 |
|               g_row[11].g_col[14].u_pe               |                                                mlp_bd_mlp_axi_wrapper_0_0_pe_36 |        115 |        115 |       0 |    0 |    64 |      0 |      0 |          0 |
|               g_row[11].g_col[15].u_pe               |                                                mlp_bd_mlp_axi_wrapper_0_0_pe_37 |        115 |        115 |       0 |    0 |    64 |      0 |      0 |          0 |
|               g_row[11].g_col[1].u_pe                |                                                mlp_bd_mlp_axi_wrapper_0_0_pe_38 |        115 |        115 |       0 |    0 |    64 |      0 |      0 |          0 |
|               g_row[11].g_col[2].u_pe                |                                                mlp_bd_mlp_axi_wrapper_0_0_pe_39 |        115 |        115 |       0 |    0 |    64 |      0 |      0 |          0 |
|               g_row[11].g_col[3].u_pe                |                                                mlp_bd_mlp_axi_wrapper_0_0_pe_40 |        115 |        115 |       0 |    0 |    64 |      0 |      0 |          0 |
|               g_row[11].g_col[4].u_pe                |                                                mlp_bd_mlp_axi_wrapper_0_0_pe_41 |        115 |        115 |       0 |    0 |    64 |      0 |      0 |          0 |
|               g_row[11].g_col[5].u_pe                |                                                mlp_bd_mlp_axi_wrapper_0_0_pe_42 |        115 |        115 |       0 |    0 |    64 |      0 |      0 |          0 |
|               g_row[11].g_col[6].u_pe                |                                                mlp_bd_mlp_axi_wrapper_0_0_pe_43 |        115 |        115 |       0 |    0 |    64 |      0 |      0 |          0 |
|               g_row[11].g_col[7].u_pe                |                                                mlp_bd_mlp_axi_wrapper_0_0_pe_44 |        115 |        115 |       0 |    0 |    64 |      0 |      0 |          0 |
|               g_row[11].g_col[8].u_pe                |                                                mlp_bd_mlp_axi_wrapper_0_0_pe_45 |        115 |        115 |       0 |    0 |    64 |      0 |      0 |          0 |
|               g_row[11].g_col[9].u_pe                |                                                mlp_bd_mlp_axi_wrapper_0_0_pe_46 |        115 |        115 |       0 |    0 |    64 |      0 |      0 |          0 |
|               g_row[12].g_col[0].u_pe                |                                                mlp_bd_mlp_axi_wrapper_0_0_pe_47 |        116 |        116 |       0 |    0 |    64 |      0 |      0 |          0 |
|               g_row[12].g_col[10].u_pe               |                                                mlp_bd_mlp_axi_wrapper_0_0_pe_48 |        115 |        115 |       0 |    0 |    64 |      0 |      0 |          0 |
|               g_row[12].g_col[11].u_pe               |                                                mlp_bd_mlp_axi_wrapper_0_0_pe_49 |        115 |        115 |       0 |    0 |    64 |      0 |      0 |          0 |
|               g_row[12].g_col[12].u_pe               |                                                mlp_bd_mlp_axi_wrapper_0_0_pe_50 |        115 |        115 |       0 |    0 |    64 |      0 |      0 |          0 |
|               g_row[12].g_col[13].u_pe               |                                                mlp_bd_mlp_axi_wrapper_0_0_pe_51 |        115 |        115 |       0 |    0 |    64 |      0 |      0 |          0 |
|               g_row[12].g_col[14].u_pe               |                                                mlp_bd_mlp_axi_wrapper_0_0_pe_52 |        115 |        115 |       0 |    0 |    64 |      0 |      0 |          0 |
|               g_row[12].g_col[15].u_pe               |                                                mlp_bd_mlp_axi_wrapper_0_0_pe_53 |        115 |        115 |       0 |    0 |    64 |      0 |      0 |          0 |
|               g_row[12].g_col[1].u_pe                |                                                mlp_bd_mlp_axi_wrapper_0_0_pe_54 |        115 |        115 |       0 |    0 |    64 |      0 |      0 |          0 |
|               g_row[12].g_col[2].u_pe                |                                                mlp_bd_mlp_axi_wrapper_0_0_pe_55 |        115 |        115 |       0 |    0 |    64 |      0 |      0 |          0 |
|               g_row[12].g_col[3].u_pe                |                                                mlp_bd_mlp_axi_wrapper_0_0_pe_56 |        115 |        115 |       0 |    0 |    64 |      0 |      0 |          0 |
|               g_row[12].g_col[4].u_pe                |                                                mlp_bd_mlp_axi_wrapper_0_0_pe_57 |        115 |        115 |       0 |    0 |    64 |      0 |      0 |          0 |
|               g_row[12].g_col[5].u_pe                |                                                mlp_bd_mlp_axi_wrapper_0_0_pe_58 |        115 |        115 |       0 |    0 |    64 |      0 |      0 |          0 |
|               g_row[12].g_col[6].u_pe                |                                                mlp_bd_mlp_axi_wrapper_0_0_pe_59 |        115 |        115 |       0 |    0 |    64 |      0 |      0 |          0 |
|               g_row[12].g_col[7].u_pe                |                                                mlp_bd_mlp_axi_wrapper_0_0_pe_60 |        115 |        115 |       0 |    0 |    64 |      0 |      0 |          0 |
|               g_row[12].g_col[8].u_pe                |                                                mlp_bd_mlp_axi_wrapper_0_0_pe_61 |        115 |        115 |       0 |    0 |    64 |      0 |      0 |          0 |
|               g_row[12].g_col[9].u_pe                |                                                mlp_bd_mlp_axi_wrapper_0_0_pe_62 |        115 |        115 |       0 |    0 |    64 |      0 |      0 |          0 |
|               g_row[13].g_col[0].u_pe                |                                                mlp_bd_mlp_axi_wrapper_0_0_pe_63 |        115 |        115 |       0 |    0 |    64 |      0 |      0 |          0 |
|               g_row[13].g_col[10].u_pe               |                                                mlp_bd_mlp_axi_wrapper_0_0_pe_64 |        115 |        115 |       0 |    0 |    64 |      0 |      0 |          0 |
|               g_row[13].g_col[11].u_pe               |                                                mlp_bd_mlp_axi_wrapper_0_0_pe_65 |        115 |        115 |       0 |    0 |    64 |      0 |      0 |          0 |
|               g_row[13].g_col[12].u_pe               |                                                mlp_bd_mlp_axi_wrapper_0_0_pe_66 |        115 |        115 |       0 |    0 |    64 |      0 |      0 |          0 |
|               g_row[13].g_col[13].u_pe               |                                                mlp_bd_mlp_axi_wrapper_0_0_pe_67 |        115 |        115 |       0 |    0 |    64 |      0 |      0 |          0 |
|               g_row[13].g_col[14].u_pe               |                                                mlp_bd_mlp_axi_wrapper_0_0_pe_68 |        115 |        115 |       0 |    0 |    64 |      0 |      0 |          0 |
|               g_row[13].g_col[15].u_pe               |                                                mlp_bd_mlp_axi_wrapper_0_0_pe_69 |        115 |        115 |       0 |    0 |    64 |      0 |      0 |          0 |
|               g_row[13].g_col[1].u_pe                |                                                mlp_bd_mlp_axi_wrapper_0_0_pe_70 |        115 |        115 |       0 |    0 |    64 |      0 |      0 |          0 |
|               g_row[13].g_col[2].u_pe                |                                                mlp_bd_mlp_axi_wrapper_0_0_pe_71 |        115 |        115 |       0 |    0 |    64 |      0 |      0 |          0 |
|               g_row[13].g_col[3].u_pe                |                                                mlp_bd_mlp_axi_wrapper_0_0_pe_72 |        115 |        115 |       0 |    0 |    64 |      0 |      0 |          0 |
|               g_row[13].g_col[4].u_pe                |                                                mlp_bd_mlp_axi_wrapper_0_0_pe_73 |        115 |        115 |       0 |    0 |    64 |      0 |      0 |          0 |
|               g_row[13].g_col[5].u_pe                |                                                mlp_bd_mlp_axi_wrapper_0_0_pe_74 |        115 |        115 |       0 |    0 |    64 |      0 |      0 |          0 |
|               g_row[13].g_col[6].u_pe                |                                                mlp_bd_mlp_axi_wrapper_0_0_pe_75 |        115 |        115 |       0 |    0 |    64 |      0 |      0 |          0 |
|               g_row[13].g_col[7].u_pe                |                                                mlp_bd_mlp_axi_wrapper_0_0_pe_76 |        115 |        115 |       0 |    0 |    64 |      0 |      0 |          0 |
|               g_row[13].g_col[8].u_pe                |                                                mlp_bd_mlp_axi_wrapper_0_0_pe_77 |        115 |        115 |       0 |    0 |    64 |      0 |      0 |          0 |
|               g_row[13].g_col[9].u_pe                |                                                mlp_bd_mlp_axi_wrapper_0_0_pe_78 |        115 |        115 |       0 |    0 |    64 |      0 |      0 |          0 |
|               g_row[14].g_col[0].u_pe                |                                                mlp_bd_mlp_axi_wrapper_0_0_pe_79 |        115 |        115 |       0 |    0 |    64 |      0 |      0 |          0 |
|               g_row[14].g_col[10].u_pe               |                                                mlp_bd_mlp_axi_wrapper_0_0_pe_80 |        115 |        115 |       0 |    0 |    64 |      0 |      0 |          0 |
|               g_row[14].g_col[11].u_pe               |                                                mlp_bd_mlp_axi_wrapper_0_0_pe_81 |        115 |        115 |       0 |    0 |    64 |      0 |      0 |          0 |
|               g_row[14].g_col[12].u_pe               |                                                mlp_bd_mlp_axi_wrapper_0_0_pe_82 |        115 |        115 |       0 |    0 |    64 |      0 |      0 |          0 |
|               g_row[14].g_col[13].u_pe               |                                                mlp_bd_mlp_axi_wrapper_0_0_pe_83 |        115 |        115 |       0 |    0 |    64 |      0 |      0 |          0 |
|               g_row[14].g_col[14].u_pe               |                                                mlp_bd_mlp_axi_wrapper_0_0_pe_84 |        115 |        115 |       0 |    0 |    64 |      0 |      0 |          0 |
|               g_row[14].g_col[15].u_pe               |                                                mlp_bd_mlp_axi_wrapper_0_0_pe_85 |        115 |        115 |       0 |    0 |    64 |      0 |      0 |          0 |
|               g_row[14].g_col[1].u_pe                |                                                mlp_bd_mlp_axi_wrapper_0_0_pe_86 |        115 |        115 |       0 |    0 |    64 |      0 |      0 |          0 |
|               g_row[14].g_col[2].u_pe                |                                                mlp_bd_mlp_axi_wrapper_0_0_pe_87 |        115 |        115 |       0 |    0 |    64 |      0 |      0 |          0 |
|               g_row[14].g_col[3].u_pe                |                                                mlp_bd_mlp_axi_wrapper_0_0_pe_88 |        115 |        115 |       0 |    0 |    64 |      0 |      0 |          0 |
|               g_row[14].g_col[4].u_pe                |                                                mlp_bd_mlp_axi_wrapper_0_0_pe_89 |        115 |        115 |       0 |    0 |    64 |      0 |      0 |          0 |
|               g_row[14].g_col[5].u_pe                |                                                mlp_bd_mlp_axi_wrapper_0_0_pe_90 |        115 |        115 |       0 |    0 |    64 |      0 |      0 |          0 |
|               g_row[14].g_col[6].u_pe                |                                                mlp_bd_mlp_axi_wrapper_0_0_pe_91 |        115 |        115 |       0 |    0 |    64 |      0 |      0 |          0 |
|               g_row[14].g_col[7].u_pe                |                                                mlp_bd_mlp_axi_wrapper_0_0_pe_92 |        115 |        115 |       0 |    0 |    64 |      0 |      0 |          0 |
|               g_row[14].g_col[8].u_pe                |                                                mlp_bd_mlp_axi_wrapper_0_0_pe_93 |        115 |        115 |       0 |    0 |    64 |      0 |      0 |          0 |
|               g_row[14].g_col[9].u_pe                |                                                mlp_bd_mlp_axi_wrapper_0_0_pe_94 |        115 |        115 |       0 |    0 |    64 |      0 |      0 |          0 |
|               g_row[15].g_col[0].u_pe                |                                                mlp_bd_mlp_axi_wrapper_0_0_pe_95 |        131 |        131 |       0 |    0 |    64 |      0 |      0 |          0 |
|               g_row[15].g_col[10].u_pe               |                                                mlp_bd_mlp_axi_wrapper_0_0_pe_96 |        131 |        131 |       0 |    0 |    64 |      0 |      0 |          0 |
|               g_row[15].g_col[11].u_pe               |                                                mlp_bd_mlp_axi_wrapper_0_0_pe_97 |        131 |        131 |       0 |    0 |    64 |      0 |      0 |          0 |
|               g_row[15].g_col[12].u_pe               |                                                mlp_bd_mlp_axi_wrapper_0_0_pe_98 |        131 |        131 |       0 |    0 |    64 |      0 |      0 |          0 |
|               g_row[15].g_col[13].u_pe               |                                                mlp_bd_mlp_axi_wrapper_0_0_pe_99 |        131 |        131 |       0 |    0 |    64 |      0 |      0 |          0 |
|               g_row[15].g_col[14].u_pe               |                                               mlp_bd_mlp_axi_wrapper_0_0_pe_100 |        131 |        131 |       0 |    0 |    64 |      0 |      0 |          0 |
|               g_row[15].g_col[15].u_pe               |                                               mlp_bd_mlp_axi_wrapper_0_0_pe_101 |        131 |        131 |       0 |    0 |    64 |      0 |      0 |          0 |
|               g_row[15].g_col[1].u_pe                |                                               mlp_bd_mlp_axi_wrapper_0_0_pe_102 |        131 |        131 |       0 |    0 |    64 |      0 |      0 |          0 |
|               g_row[15].g_col[2].u_pe                |                                               mlp_bd_mlp_axi_wrapper_0_0_pe_103 |        131 |        131 |       0 |    0 |    64 |      0 |      0 |          0 |
|               g_row[15].g_col[3].u_pe                |                                               mlp_bd_mlp_axi_wrapper_0_0_pe_104 |        131 |        131 |       0 |    0 |    64 |      0 |      0 |          0 |
|               g_row[15].g_col[4].u_pe                |                                               mlp_bd_mlp_axi_wrapper_0_0_pe_105 |        131 |        131 |       0 |    0 |    64 |      0 |      0 |          0 |
|               g_row[15].g_col[5].u_pe                |                                               mlp_bd_mlp_axi_wrapper_0_0_pe_106 |        131 |        131 |       0 |    0 |    64 |      0 |      0 |          0 |
|               g_row[15].g_col[6].u_pe                |                                               mlp_bd_mlp_axi_wrapper_0_0_pe_107 |        131 |        131 |       0 |    0 |    64 |      0 |      0 |          0 |
|               g_row[15].g_col[7].u_pe                |                                               mlp_bd_mlp_axi_wrapper_0_0_pe_108 |        131 |        131 |       0 |    0 |    64 |      0 |      0 |          0 |
|               g_row[15].g_col[8].u_pe                |                                               mlp_bd_mlp_axi_wrapper_0_0_pe_109 |        131 |        131 |       0 |    0 |    64 |      0 |      0 |          0 |
|               g_row[15].g_col[9].u_pe                |                                               mlp_bd_mlp_axi_wrapper_0_0_pe_110 |        131 |        131 |       0 |    0 |    64 |      0 |      0 |          0 |
|               g_row[1].g_col[0].u_pe                 |                                               mlp_bd_mlp_axi_wrapper_0_0_pe_111 |        115 |        115 |       0 |    0 |    64 |      0 |      0 |          0 |
|               g_row[1].g_col[10].u_pe                |                                               mlp_bd_mlp_axi_wrapper_0_0_pe_112 |        115 |        115 |       0 |    0 |    64 |      0 |      0 |          0 |
|               g_row[1].g_col[11].u_pe                |                                               mlp_bd_mlp_axi_wrapper_0_0_pe_113 |        115 |        115 |       0 |    0 |    64 |      0 |      0 |          0 |
|               g_row[1].g_col[12].u_pe                |                                               mlp_bd_mlp_axi_wrapper_0_0_pe_114 |        115 |        115 |       0 |    0 |    64 |      0 |      0 |          0 |
|               g_row[1].g_col[13].u_pe                |                                               mlp_bd_mlp_axi_wrapper_0_0_pe_115 |        115 |        115 |       0 |    0 |    64 |      0 |      0 |          0 |
|               g_row[1].g_col[14].u_pe                |                                               mlp_bd_mlp_axi_wrapper_0_0_pe_116 |        115 |        115 |       0 |    0 |    64 |      0 |      0 |          0 |
|               g_row[1].g_col[15].u_pe                |                                               mlp_bd_mlp_axi_wrapper_0_0_pe_117 |        115 |        115 |       0 |    0 |    64 |      0 |      0 |          0 |
|               g_row[1].g_col[1].u_pe                 |                                               mlp_bd_mlp_axi_wrapper_0_0_pe_118 |        115 |        115 |       0 |    0 |    64 |      0 |      0 |          0 |
|               g_row[1].g_col[2].u_pe                 |                                               mlp_bd_mlp_axi_wrapper_0_0_pe_119 |        115 |        115 |       0 |    0 |    64 |      0 |      0 |          0 |
|               g_row[1].g_col[3].u_pe                 |                                               mlp_bd_mlp_axi_wrapper_0_0_pe_120 |        115 |        115 |       0 |    0 |    64 |      0 |      0 |          0 |
|               g_row[1].g_col[4].u_pe                 |                                               mlp_bd_mlp_axi_wrapper_0_0_pe_121 |        115 |        115 |       0 |    0 |    64 |      0 |      0 |          0 |
|               g_row[1].g_col[5].u_pe                 |                                               mlp_bd_mlp_axi_wrapper_0_0_pe_122 |        115 |        115 |       0 |    0 |    64 |      0 |      0 |          0 |
|               g_row[1].g_col[6].u_pe                 |                                               mlp_bd_mlp_axi_wrapper_0_0_pe_123 |        115 |        115 |       0 |    0 |    64 |      0 |      0 |          0 |
|               g_row[1].g_col[7].u_pe                 |                                               mlp_bd_mlp_axi_wrapper_0_0_pe_124 |        115 |        115 |       0 |    0 |    64 |      0 |      0 |          0 |
|               g_row[1].g_col[8].u_pe                 |                                               mlp_bd_mlp_axi_wrapper_0_0_pe_125 |        115 |        115 |       0 |    0 |    64 |      0 |      0 |          0 |
|               g_row[1].g_col[9].u_pe                 |                                               mlp_bd_mlp_axi_wrapper_0_0_pe_126 |        115 |        115 |       0 |    0 |    64 |      0 |      0 |          0 |
|               g_row[2].g_col[0].u_pe                 |                                               mlp_bd_mlp_axi_wrapper_0_0_pe_127 |        115 |        115 |       0 |    0 |    64 |      0 |      0 |          0 |
|               g_row[2].g_col[10].u_pe                |                                               mlp_bd_mlp_axi_wrapper_0_0_pe_128 |        115 |        115 |       0 |    0 |    64 |      0 |      0 |          0 |
|               g_row[2].g_col[11].u_pe                |                                               mlp_bd_mlp_axi_wrapper_0_0_pe_129 |        115 |        115 |       0 |    0 |    64 |      0 |      0 |          0 |
|               g_row[2].g_col[12].u_pe                |                                               mlp_bd_mlp_axi_wrapper_0_0_pe_130 |        115 |        115 |       0 |    0 |    64 |      0 |      0 |          0 |
|               g_row[2].g_col[13].u_pe                |                                               mlp_bd_mlp_axi_wrapper_0_0_pe_131 |        115 |        115 |       0 |    0 |    64 |      0 |      0 |          0 |
|               g_row[2].g_col[14].u_pe                |                                               mlp_bd_mlp_axi_wrapper_0_0_pe_132 |        115 |        115 |       0 |    0 |    64 |      0 |      0 |          0 |
|               g_row[2].g_col[15].u_pe                |                                               mlp_bd_mlp_axi_wrapper_0_0_pe_133 |        115 |        115 |       0 |    0 |    64 |      0 |      0 |          0 |
|               g_row[2].g_col[1].u_pe                 |                                               mlp_bd_mlp_axi_wrapper_0_0_pe_134 |        115 |        115 |       0 |    0 |    64 |      0 |      0 |          0 |
|               g_row[2].g_col[2].u_pe                 |                                               mlp_bd_mlp_axi_wrapper_0_0_pe_135 |        115 |        115 |       0 |    0 |    64 |      0 |      0 |          0 |
|               g_row[2].g_col[3].u_pe                 |                                               mlp_bd_mlp_axi_wrapper_0_0_pe_136 |        115 |        115 |       0 |    0 |    64 |      0 |      0 |          0 |
|               g_row[2].g_col[4].u_pe                 |                                               mlp_bd_mlp_axi_wrapper_0_0_pe_137 |        115 |        115 |       0 |    0 |    64 |      0 |      0 |          0 |
|               g_row[2].g_col[5].u_pe                 |                                               mlp_bd_mlp_axi_wrapper_0_0_pe_138 |        115 |        115 |       0 |    0 |    64 |      0 |      0 |          0 |
|               g_row[2].g_col[6].u_pe                 |                                               mlp_bd_mlp_axi_wrapper_0_0_pe_139 |        115 |        115 |       0 |    0 |    64 |      0 |      0 |          0 |
|               g_row[2].g_col[7].u_pe                 |                                               mlp_bd_mlp_axi_wrapper_0_0_pe_140 |        115 |        115 |       0 |    0 |    64 |      0 |      0 |          0 |
|               g_row[2].g_col[8].u_pe                 |                                               mlp_bd_mlp_axi_wrapper_0_0_pe_141 |        115 |        115 |       0 |    0 |    64 |      0 |      0 |          0 |
|               g_row[2].g_col[9].u_pe                 |                                               mlp_bd_mlp_axi_wrapper_0_0_pe_142 |        115 |        115 |       0 |    0 |    64 |      0 |      0 |          0 |
|               g_row[3].g_col[0].u_pe                 |                                               mlp_bd_mlp_axi_wrapper_0_0_pe_143 |        115 |        115 |       0 |    0 |    64 |      0 |      0 |          0 |
|               g_row[3].g_col[10].u_pe                |                                               mlp_bd_mlp_axi_wrapper_0_0_pe_144 |        115 |        115 |       0 |    0 |    64 |      0 |      0 |          0 |
|               g_row[3].g_col[11].u_pe                |                                               mlp_bd_mlp_axi_wrapper_0_0_pe_145 |        115 |        115 |       0 |    0 |    64 |      0 |      0 |          0 |
|               g_row[3].g_col[12].u_pe                |                                               mlp_bd_mlp_axi_wrapper_0_0_pe_146 |        115 |        115 |       0 |    0 |    64 |      0 |      0 |          0 |
|               g_row[3].g_col[13].u_pe                |                                               mlp_bd_mlp_axi_wrapper_0_0_pe_147 |        115 |        115 |       0 |    0 |    64 |      0 |      0 |          0 |
|               g_row[3].g_col[14].u_pe                |                                               mlp_bd_mlp_axi_wrapper_0_0_pe_148 |        115 |        115 |       0 |    0 |    64 |      0 |      0 |          0 |
|               g_row[3].g_col[15].u_pe                |                                               mlp_bd_mlp_axi_wrapper_0_0_pe_149 |        115 |        115 |       0 |    0 |    64 |      0 |      0 |          0 |
|               g_row[3].g_col[1].u_pe                 |                                               mlp_bd_mlp_axi_wrapper_0_0_pe_150 |        115 |        115 |       0 |    0 |    64 |      0 |      0 |          0 |
|               g_row[3].g_col[2].u_pe                 |                                               mlp_bd_mlp_axi_wrapper_0_0_pe_151 |        115 |        115 |       0 |    0 |    64 |      0 |      0 |          0 |
|               g_row[3].g_col[3].u_pe                 |                                               mlp_bd_mlp_axi_wrapper_0_0_pe_152 |        115 |        115 |       0 |    0 |    64 |      0 |      0 |          0 |
|               g_row[3].g_col[4].u_pe                 |                                               mlp_bd_mlp_axi_wrapper_0_0_pe_153 |        115 |        115 |       0 |    0 |    64 |      0 |      0 |          0 |
|               g_row[3].g_col[5].u_pe                 |                                               mlp_bd_mlp_axi_wrapper_0_0_pe_154 |        115 |        115 |       0 |    0 |    64 |      0 |      0 |          0 |
|               g_row[3].g_col[6].u_pe                 |                                               mlp_bd_mlp_axi_wrapper_0_0_pe_155 |        115 |        115 |       0 |    0 |    64 |      0 |      0 |          0 |
|               g_row[3].g_col[7].u_pe                 |                                               mlp_bd_mlp_axi_wrapper_0_0_pe_156 |        115 |        115 |       0 |    0 |    64 |      0 |      0 |          0 |
|               g_row[3].g_col[8].u_pe                 |                                               mlp_bd_mlp_axi_wrapper_0_0_pe_157 |        115 |        115 |       0 |    0 |    64 |      0 |      0 |          0 |
|               g_row[3].g_col[9].u_pe                 |                                               mlp_bd_mlp_axi_wrapper_0_0_pe_158 |        115 |        115 |       0 |    0 |    64 |      0 |      0 |          0 |
|               g_row[4].g_col[0].u_pe                 |                                               mlp_bd_mlp_axi_wrapper_0_0_pe_159 |        115 |        115 |       0 |    0 |    64 |      0 |      0 |          0 |
|               g_row[4].g_col[10].u_pe                |                                               mlp_bd_mlp_axi_wrapper_0_0_pe_160 |        115 |        115 |       0 |    0 |    64 |      0 |      0 |          0 |
|               g_row[4].g_col[11].u_pe                |                                               mlp_bd_mlp_axi_wrapper_0_0_pe_161 |        115 |        115 |       0 |    0 |    64 |      0 |      0 |          0 |
|               g_row[4].g_col[12].u_pe                |                                               mlp_bd_mlp_axi_wrapper_0_0_pe_162 |        115 |        115 |       0 |    0 |    64 |      0 |      0 |          0 |
|               g_row[4].g_col[13].u_pe                |                                               mlp_bd_mlp_axi_wrapper_0_0_pe_163 |        115 |        115 |       0 |    0 |    64 |      0 |      0 |          0 |
|               g_row[4].g_col[14].u_pe                |                                               mlp_bd_mlp_axi_wrapper_0_0_pe_164 |        115 |        115 |       0 |    0 |    64 |      0 |      0 |          0 |
|               g_row[4].g_col[15].u_pe                |                                               mlp_bd_mlp_axi_wrapper_0_0_pe_165 |        115 |        115 |       0 |    0 |    64 |      0 |      0 |          0 |
|               g_row[4].g_col[1].u_pe                 |                                               mlp_bd_mlp_axi_wrapper_0_0_pe_166 |        115 |        115 |       0 |    0 |    64 |      0 |      0 |          0 |
|               g_row[4].g_col[2].u_pe                 |                                               mlp_bd_mlp_axi_wrapper_0_0_pe_167 |        115 |        115 |       0 |    0 |    64 |      0 |      0 |          0 |
|               g_row[4].g_col[3].u_pe                 |                                               mlp_bd_mlp_axi_wrapper_0_0_pe_168 |        115 |        115 |       0 |    0 |    64 |      0 |      0 |          0 |
|               g_row[4].g_col[4].u_pe                 |                                               mlp_bd_mlp_axi_wrapper_0_0_pe_169 |        115 |        115 |       0 |    0 |    64 |      0 |      0 |          0 |
|               g_row[4].g_col[5].u_pe                 |                                               mlp_bd_mlp_axi_wrapper_0_0_pe_170 |        115 |        115 |       0 |    0 |    64 |      0 |      0 |          0 |
|               g_row[4].g_col[6].u_pe                 |                                               mlp_bd_mlp_axi_wrapper_0_0_pe_171 |        115 |        115 |       0 |    0 |    64 |      0 |      0 |          0 |
|               g_row[4].g_col[7].u_pe                 |                                               mlp_bd_mlp_axi_wrapper_0_0_pe_172 |        115 |        115 |       0 |    0 |    64 |      0 |      0 |          0 |
|               g_row[4].g_col[8].u_pe                 |                                               mlp_bd_mlp_axi_wrapper_0_0_pe_173 |        115 |        115 |       0 |    0 |    64 |      0 |      0 |          0 |
|               g_row[4].g_col[9].u_pe                 |                                               mlp_bd_mlp_axi_wrapper_0_0_pe_174 |        115 |        115 |       0 |    0 |    64 |      0 |      0 |          0 |
|               g_row[5].g_col[0].u_pe                 |                                               mlp_bd_mlp_axi_wrapper_0_0_pe_175 |        115 |        115 |       0 |    0 |    64 |      0 |      0 |          0 |
|               g_row[5].g_col[10].u_pe                |                                               mlp_bd_mlp_axi_wrapper_0_0_pe_176 |        115 |        115 |       0 |    0 |    64 |      0 |      0 |          0 |
|               g_row[5].g_col[11].u_pe                |                                               mlp_bd_mlp_axi_wrapper_0_0_pe_177 |        115 |        115 |       0 |    0 |    64 |      0 |      0 |          0 |
|               g_row[5].g_col[12].u_pe                |                                               mlp_bd_mlp_axi_wrapper_0_0_pe_178 |        115 |        115 |       0 |    0 |    64 |      0 |      0 |          0 |
|               g_row[5].g_col[13].u_pe                |                                               mlp_bd_mlp_axi_wrapper_0_0_pe_179 |        115 |        115 |       0 |    0 |    64 |      0 |      0 |          0 |
|               g_row[5].g_col[14].u_pe                |                                               mlp_bd_mlp_axi_wrapper_0_0_pe_180 |        115 |        115 |       0 |    0 |    64 |      0 |      0 |          0 |
|               g_row[5].g_col[15].u_pe                |                                               mlp_bd_mlp_axi_wrapper_0_0_pe_181 |        115 |        115 |       0 |    0 |    64 |      0 |      0 |          0 |
|               g_row[5].g_col[1].u_pe                 |                                               mlp_bd_mlp_axi_wrapper_0_0_pe_182 |        115 |        115 |       0 |    0 |    64 |      0 |      0 |          0 |
|               g_row[5].g_col[2].u_pe                 |                                               mlp_bd_mlp_axi_wrapper_0_0_pe_183 |        115 |        115 |       0 |    0 |    64 |      0 |      0 |          0 |
|               g_row[5].g_col[3].u_pe                 |                                               mlp_bd_mlp_axi_wrapper_0_0_pe_184 |        115 |        115 |       0 |    0 |    64 |      0 |      0 |          0 |
|               g_row[5].g_col[4].u_pe                 |                                               mlp_bd_mlp_axi_wrapper_0_0_pe_185 |        115 |        115 |       0 |    0 |    64 |      0 |      0 |          0 |
|               g_row[5].g_col[5].u_pe                 |                                               mlp_bd_mlp_axi_wrapper_0_0_pe_186 |        115 |        115 |       0 |    0 |    64 |      0 |      0 |          0 |
|               g_row[5].g_col[6].u_pe                 |                                               mlp_bd_mlp_axi_wrapper_0_0_pe_187 |        115 |        115 |       0 |    0 |    64 |      0 |      0 |          0 |
|               g_row[5].g_col[7].u_pe                 |                                               mlp_bd_mlp_axi_wrapper_0_0_pe_188 |        115 |        115 |       0 |    0 |    64 |      0 |      0 |          0 |
|               g_row[5].g_col[8].u_pe                 |                                               mlp_bd_mlp_axi_wrapper_0_0_pe_189 |        115 |        115 |       0 |    0 |    64 |      0 |      0 |          0 |
|               g_row[5].g_col[9].u_pe                 |                                               mlp_bd_mlp_axi_wrapper_0_0_pe_190 |        115 |        115 |       0 |    0 |    64 |      0 |      0 |          0 |
|               g_row[6].g_col[0].u_pe                 |                                               mlp_bd_mlp_axi_wrapper_0_0_pe_191 |        115 |        115 |       0 |    0 |    64 |      0 |      0 |          0 |
|               g_row[6].g_col[10].u_pe                |                                               mlp_bd_mlp_axi_wrapper_0_0_pe_192 |        115 |        115 |       0 |    0 |    64 |      0 |      0 |          0 |
|               g_row[6].g_col[11].u_pe                |                                               mlp_bd_mlp_axi_wrapper_0_0_pe_193 |        115 |        115 |       0 |    0 |    64 |      0 |      0 |          0 |
|               g_row[6].g_col[12].u_pe                |                                               mlp_bd_mlp_axi_wrapper_0_0_pe_194 |        115 |        115 |       0 |    0 |    64 |      0 |      0 |          0 |
|               g_row[6].g_col[13].u_pe                |                                               mlp_bd_mlp_axi_wrapper_0_0_pe_195 |        115 |        115 |       0 |    0 |    64 |      0 |      0 |          0 |
|               g_row[6].g_col[14].u_pe                |                                               mlp_bd_mlp_axi_wrapper_0_0_pe_196 |        115 |        115 |       0 |    0 |    64 |      0 |      0 |          0 |
|               g_row[6].g_col[15].u_pe                |                                               mlp_bd_mlp_axi_wrapper_0_0_pe_197 |        115 |        115 |       0 |    0 |    64 |      0 |      0 |          0 |
|               g_row[6].g_col[1].u_pe                 |                                               mlp_bd_mlp_axi_wrapper_0_0_pe_198 |        115 |        115 |       0 |    0 |    64 |      0 |      0 |          0 |
|               g_row[6].g_col[2].u_pe                 |                                               mlp_bd_mlp_axi_wrapper_0_0_pe_199 |        115 |        115 |       0 |    0 |    64 |      0 |      0 |          0 |
|               g_row[6].g_col[3].u_pe                 |                                               mlp_bd_mlp_axi_wrapper_0_0_pe_200 |        115 |        115 |       0 |    0 |    64 |      0 |      0 |          0 |
|               g_row[6].g_col[4].u_pe                 |                                               mlp_bd_mlp_axi_wrapper_0_0_pe_201 |        115 |        115 |       0 |    0 |    64 |      0 |      0 |          0 |
|               g_row[6].g_col[5].u_pe                 |                                               mlp_bd_mlp_axi_wrapper_0_0_pe_202 |        115 |        115 |       0 |    0 |    64 |      0 |      0 |          0 |
|               g_row[6].g_col[6].u_pe                 |                                               mlp_bd_mlp_axi_wrapper_0_0_pe_203 |        115 |        115 |       0 |    0 |    64 |      0 |      0 |          0 |
|               g_row[6].g_col[7].u_pe                 |                                               mlp_bd_mlp_axi_wrapper_0_0_pe_204 |        115 |        115 |       0 |    0 |    64 |      0 |      0 |          0 |
|               g_row[6].g_col[8].u_pe                 |                                               mlp_bd_mlp_axi_wrapper_0_0_pe_205 |        115 |        115 |       0 |    0 |    64 |      0 |      0 |          0 |
|               g_row[6].g_col[9].u_pe                 |                                               mlp_bd_mlp_axi_wrapper_0_0_pe_206 |        115 |        115 |       0 |    0 |    64 |      0 |      0 |          0 |
|               g_row[7].g_col[0].u_pe                 |                                               mlp_bd_mlp_axi_wrapper_0_0_pe_207 |        115 |        115 |       0 |    0 |    64 |      0 |      0 |          0 |
|               g_row[7].g_col[10].u_pe                |                                               mlp_bd_mlp_axi_wrapper_0_0_pe_208 |        115 |        115 |       0 |    0 |    64 |      0 |      0 |          0 |
|               g_row[7].g_col[11].u_pe                |                                               mlp_bd_mlp_axi_wrapper_0_0_pe_209 |        115 |        115 |       0 |    0 |    64 |      0 |      0 |          0 |
|               g_row[7].g_col[12].u_pe                |                                               mlp_bd_mlp_axi_wrapper_0_0_pe_210 |        115 |        115 |       0 |    0 |    64 |      0 |      0 |          0 |
|               g_row[7].g_col[13].u_pe                |                                               mlp_bd_mlp_axi_wrapper_0_0_pe_211 |        115 |        115 |       0 |    0 |    64 |      0 |      0 |          0 |
|               g_row[7].g_col[14].u_pe                |                                               mlp_bd_mlp_axi_wrapper_0_0_pe_212 |        115 |        115 |       0 |    0 |    64 |      0 |      0 |          0 |
|               g_row[7].g_col[15].u_pe                |                                               mlp_bd_mlp_axi_wrapper_0_0_pe_213 |        115 |        115 |       0 |    0 |    64 |      0 |      0 |          0 |
|               g_row[7].g_col[1].u_pe                 |                                               mlp_bd_mlp_axi_wrapper_0_0_pe_214 |        115 |        115 |       0 |    0 |    64 |      0 |      0 |          0 |
|               g_row[7].g_col[2].u_pe                 |                                               mlp_bd_mlp_axi_wrapper_0_0_pe_215 |        115 |        115 |       0 |    0 |    64 |      0 |      0 |          0 |
|               g_row[7].g_col[3].u_pe                 |                                               mlp_bd_mlp_axi_wrapper_0_0_pe_216 |        115 |        115 |       0 |    0 |    64 |      0 |      0 |          0 |
|               g_row[7].g_col[4].u_pe                 |                                               mlp_bd_mlp_axi_wrapper_0_0_pe_217 |        115 |        115 |       0 |    0 |    64 |      0 |      0 |          0 |
|               g_row[7].g_col[5].u_pe                 |                                               mlp_bd_mlp_axi_wrapper_0_0_pe_218 |        115 |        115 |       0 |    0 |    64 |      0 |      0 |          0 |
|               g_row[7].g_col[6].u_pe                 |                                               mlp_bd_mlp_axi_wrapper_0_0_pe_219 |        115 |        115 |       0 |    0 |    64 |      0 |      0 |          0 |
|               g_row[7].g_col[7].u_pe                 |                                               mlp_bd_mlp_axi_wrapper_0_0_pe_220 |        115 |        115 |       0 |    0 |    64 |      0 |      0 |          0 |
|               g_row[7].g_col[8].u_pe                 |                                               mlp_bd_mlp_axi_wrapper_0_0_pe_221 |        115 |        115 |       0 |    0 |    64 |      0 |      0 |          0 |
|               g_row[7].g_col[9].u_pe                 |                                               mlp_bd_mlp_axi_wrapper_0_0_pe_222 |        115 |        115 |       0 |    0 |    64 |      0 |      0 |          0 |
|               g_row[8].g_col[0].u_pe                 |                                               mlp_bd_mlp_axi_wrapper_0_0_pe_223 |        115 |        115 |       0 |    0 |    64 |      0 |      0 |          0 |
|               g_row[8].g_col[10].u_pe                |                                               mlp_bd_mlp_axi_wrapper_0_0_pe_224 |        115 |        115 |       0 |    0 |    64 |      0 |      0 |          0 |
|               g_row[8].g_col[11].u_pe                |                                               mlp_bd_mlp_axi_wrapper_0_0_pe_225 |        115 |        115 |       0 |    0 |    64 |      0 |      0 |          0 |
|               g_row[8].g_col[12].u_pe                |                                               mlp_bd_mlp_axi_wrapper_0_0_pe_226 |        115 |        115 |       0 |    0 |    64 |      0 |      0 |          0 |
|               g_row[8].g_col[13].u_pe                |                                               mlp_bd_mlp_axi_wrapper_0_0_pe_227 |        115 |        115 |       0 |    0 |    64 |      0 |      0 |          0 |
|               g_row[8].g_col[14].u_pe                |                                               mlp_bd_mlp_axi_wrapper_0_0_pe_228 |        115 |        115 |       0 |    0 |    64 |      0 |      0 |          0 |
|               g_row[8].g_col[15].u_pe                |                                               mlp_bd_mlp_axi_wrapper_0_0_pe_229 |        115 |        115 |       0 |    0 |    64 |      0 |      0 |          0 |
|               g_row[8].g_col[1].u_pe                 |                                               mlp_bd_mlp_axi_wrapper_0_0_pe_230 |        115 |        115 |       0 |    0 |    64 |      0 |      0 |          0 |
|               g_row[8].g_col[2].u_pe                 |                                               mlp_bd_mlp_axi_wrapper_0_0_pe_231 |        115 |        115 |       0 |    0 |    64 |      0 |      0 |          0 |
|               g_row[8].g_col[3].u_pe                 |                                               mlp_bd_mlp_axi_wrapper_0_0_pe_232 |        115 |        115 |       0 |    0 |    64 |      0 |      0 |          0 |
|               g_row[8].g_col[4].u_pe                 |                                               mlp_bd_mlp_axi_wrapper_0_0_pe_233 |        115 |        115 |       0 |    0 |    64 |      0 |      0 |          0 |
|               g_row[8].g_col[5].u_pe                 |                                               mlp_bd_mlp_axi_wrapper_0_0_pe_234 |        115 |        115 |       0 |    0 |    64 |      0 |      0 |          0 |
|               g_row[8].g_col[6].u_pe                 |                                               mlp_bd_mlp_axi_wrapper_0_0_pe_235 |        115 |        115 |       0 |    0 |    64 |      0 |      0 |          0 |
|               g_row[8].g_col[7].u_pe                 |                                               mlp_bd_mlp_axi_wrapper_0_0_pe_236 |        115 |        115 |       0 |    0 |    64 |      0 |      0 |          0 |
|               g_row[8].g_col[8].u_pe                 |                                               mlp_bd_mlp_axi_wrapper_0_0_pe_237 |        115 |        115 |       0 |    0 |    64 |      0 |      0 |          0 |
|               g_row[8].g_col[9].u_pe                 |                                               mlp_bd_mlp_axi_wrapper_0_0_pe_238 |        115 |        115 |       0 |    0 |    64 |      0 |      0 |          0 |
|               g_row[9].g_col[0].u_pe                 |                                               mlp_bd_mlp_axi_wrapper_0_0_pe_239 |        115 |        115 |       0 |    0 |    64 |      0 |      0 |          0 |
|               g_row[9].g_col[10].u_pe                |                                               mlp_bd_mlp_axi_wrapper_0_0_pe_240 |        115 |        115 |       0 |    0 |    64 |      0 |      0 |          0 |
|               g_row[9].g_col[11].u_pe                |                                               mlp_bd_mlp_axi_wrapper_0_0_pe_241 |        115 |        115 |       0 |    0 |    64 |      0 |      0 |          0 |
|               g_row[9].g_col[12].u_pe                |                                               mlp_bd_mlp_axi_wrapper_0_0_pe_242 |        115 |        115 |       0 |    0 |    64 |      0 |      0 |          0 |
|               g_row[9].g_col[13].u_pe                |                                               mlp_bd_mlp_axi_wrapper_0_0_pe_243 |        115 |        115 |       0 |    0 |    64 |      0 |      0 |          0 |
|               g_row[9].g_col[14].u_pe                |                                               mlp_bd_mlp_axi_wrapper_0_0_pe_244 |        115 |        115 |       0 |    0 |    64 |      0 |      0 |          0 |
|               g_row[9].g_col[15].u_pe                |                                               mlp_bd_mlp_axi_wrapper_0_0_pe_245 |        115 |        115 |       0 |    0 |    64 |      0 |      0 |          0 |
|               g_row[9].g_col[1].u_pe                 |                                               mlp_bd_mlp_axi_wrapper_0_0_pe_246 |        115 |        115 |       0 |    0 |    64 |      0 |      0 |          0 |
|               g_row[9].g_col[2].u_pe                 |                                               mlp_bd_mlp_axi_wrapper_0_0_pe_247 |        115 |        115 |       0 |    0 |    64 |      0 |      0 |          0 |
|               g_row[9].g_col[3].u_pe                 |                                               mlp_bd_mlp_axi_wrapper_0_0_pe_248 |        115 |        115 |       0 |    0 |    64 |      0 |      0 |          0 |
|               g_row[9].g_col[4].u_pe                 |                                               mlp_bd_mlp_axi_wrapper_0_0_pe_249 |        115 |        115 |       0 |    0 |    64 |      0 |      0 |          0 |
|               g_row[9].g_col[5].u_pe                 |                                               mlp_bd_mlp_axi_wrapper_0_0_pe_250 |        115 |        115 |       0 |    0 |    64 |      0 |      0 |          0 |
|               g_row[9].g_col[6].u_pe                 |                                               mlp_bd_mlp_axi_wrapper_0_0_pe_251 |        115 |        115 |       0 |    0 |    64 |      0 |      0 |          0 |
|               g_row[9].g_col[7].u_pe                 |                                               mlp_bd_mlp_axi_wrapper_0_0_pe_252 |        115 |        115 |       0 |    0 |    64 |      0 |      0 |          0 |
|               g_row[9].g_col[8].u_pe                 |                                               mlp_bd_mlp_axi_wrapper_0_0_pe_253 |        115 |        115 |       0 |    0 |    64 |      0 |      0 |          0 |
|               g_row[9].g_col[9].u_pe                 |                                               mlp_bd_mlp_axi_wrapper_0_0_pe_254 |        115 |        115 |       0 |    0 |    64 |      0 |      0 |          0 |
|             u_post_proc                              |                                            mlp_bd_mlp_axi_wrapper_0_0_post_proc |        981 |        981 |       0 |    0 |   992 |      0 |      0 |         64 |
|     processing_system7_0                             |                                                   mlp_bd_processing_system7_0_0 |         24 |         24 |       0 |    0 |     0 |      0 |      0 |          0 |
|       (processing_system7_0)                         |                                                   mlp_bd_processing_system7_0_0 |          0 |          0 |       0 |    0 |     0 |      0 |      0 |          0 |
|       inst                                           |        mlp_bd_processing_system7_0_0_processing_system7_v5_5_processing_system7 |         24 |         24 |       0 |    0 |     0 |      0 |      0 |          0 |
|     ps7_0_axi_periph                                 |                                                       mlp_bd_ps7_0_axi_periph_0 |        421 |        356 |       0 |   65 |   562 |      0 |      0 |          0 |
|       s00_couplers                                   |                                                         s00_couplers_imp_2QITWL |        421 |        356 |       0 |   65 |   562 |      0 |      0 |          0 |
|         auto_pc                                      |                                                                mlp_bd_auto_pc_0 |        421 |        356 |       0 |   65 |   562 |      0 |      0 |          0 |
|           (auto_pc)                                  |                                                                mlp_bd_auto_pc_0 |          0 |          0 |       0 |    0 |     0 |      0 |      0 |          0 |
|           inst                                       |          mlp_bd_auto_pc_0_axi_protocol_converter_v2_1_26_axi_protocol_converter |        421 |        356 |       0 |   65 |   562 |      0 |      0 |          0 |
|             (inst)                                   |          mlp_bd_auto_pc_0_axi_protocol_converter_v2_1_26_axi_protocol_converter |          0 |          0 |       0 |    0 |     0 |      0 |      0 |          0 |
|             gen_axilite.gen_b2s_conv.axilite_b2s     |                             mlp_bd_auto_pc_0_axi_protocol_converter_v2_1_26_b2s |        421 |        356 |       0 |   65 |   562 |      0 |      0 |          0 |
|               (gen_axilite.gen_b2s_conv.axilite_b2s) |                             mlp_bd_auto_pc_0_axi_protocol_converter_v2_1_26_b2s |          1 |          1 |       0 |    0 |     1 |      0 |      0 |          0 |
|               RD.ar_channel_0                        |                  mlp_bd_auto_pc_0_axi_protocol_converter_v2_1_26_b2s_ar_channel |         68 |         68 |       0 |    0 |    82 |      0 |      0 |          0 |
|                 (RD.ar_channel_0)                    |                  mlp_bd_auto_pc_0_axi_protocol_converter_v2_1_26_b2s_ar_channel |          0 |          0 |       0 |    0 |    12 |      0 |      0 |          0 |
|                 ar_cmd_fsm_0                         |                  mlp_bd_auto_pc_0_axi_protocol_converter_v2_1_26_b2s_rd_cmd_fsm |         36 |         36 |       0 |    0 |     2 |      0 |      0 |          0 |
|                 cmd_translator_0                     |            mlp_bd_auto_pc_0_axi_protocol_converter_v2_1_26_b2s_cmd_translator_1 |         32 |         32 |       0 |    0 |    68 |      0 |      0 |          0 |
|                   (cmd_translator_0)                 |            mlp_bd_auto_pc_0_axi_protocol_converter_v2_1_26_b2s_cmd_translator_1 |          1 |          1 |       0 |    0 |     3 |      0 |      0 |          0 |
|                   incr_cmd_0                         |                  mlp_bd_auto_pc_0_axi_protocol_converter_v2_1_26_b2s_incr_cmd_2 |         21 |         21 |       0 |    0 |    22 |      0 |      0 |          0 |
|                   wrap_cmd_0                         |                  mlp_bd_auto_pc_0_axi_protocol_converter_v2_1_26_b2s_wrap_cmd_3 |         10 |         10 |       0 |    0 |    43 |      0 |      0 |          0 |
|               RD.r_channel_0                         |                   mlp_bd_auto_pc_0_axi_protocol_converter_v2_1_26_b2s_r_channel |         62 |         15 |       0 |   47 |    24 |      0 |      0 |          0 |
|                 (RD.r_channel_0)                     |                   mlp_bd_auto_pc_0_axi_protocol_converter_v2_1_26_b2s_r_channel |          0 |          0 |       0 |    0 |    14 |      0 |      0 |          0 |
|                 rd_data_fifo_0                       | mlp_bd_auto_pc_0_axi_protocol_converter_v2_1_26_b2s_simple_fifo__parameterized1 |         43 |          9 |       0 |   34 |     5 |      0 |      0 |          0 |
|                 transaction_fifo_0                   | mlp_bd_auto_pc_0_axi_protocol_converter_v2_1_26_b2s_simple_fifo__parameterized2 |         19 |          6 |       0 |   13 |     5 |      0 |      0 |          0 |
|               SI_REG                                 |                  mlp_bd_auto_pc_0_axi_register_slice_v2_1_26_axi_register_slice |        177 |        177 |       0 |    0 |   352 |      0 |      0 |          0 |
|                 ar.ar_pipe                           |                 mlp_bd_auto_pc_0_axi_register_slice_v2_1_26_axic_register_slice |         68 |         68 |       0 |    0 |   113 |      0 |      0 |          0 |
|                 aw.aw_pipe                           |               mlp_bd_auto_pc_0_axi_register_slice_v2_1_26_axic_register_slice_0 |         72 |         72 |       0 |    0 |   113 |      0 |      0 |          0 |
|                 b.b_pipe                             | mlp_bd_auto_pc_0_axi_register_slice_v2_1_26_axic_register_slice__parameterized1 |         10 |         10 |       0 |    0 |    30 |      0 |      0 |          0 |
|                 r.r_pipe                             | mlp_bd_auto_pc_0_axi_register_slice_v2_1_26_axic_register_slice__parameterized2 |         27 |         27 |       0 |    0 |    96 |      0 |      0 |          0 |
|               WR.aw_channel_0                        |                  mlp_bd_auto_pc_0_axi_protocol_converter_v2_1_26_b2s_aw_channel |         77 |         77 |       0 |    0 |    86 |      0 |      0 |          0 |
|                 (WR.aw_channel_0)                    |                  mlp_bd_auto_pc_0_axi_protocol_converter_v2_1_26_b2s_aw_channel |          0 |          0 |       0 |    0 |    16 |      0 |      0 |          0 |
|                 aw_cmd_fsm_0                         |                  mlp_bd_auto_pc_0_axi_protocol_converter_v2_1_26_b2s_wr_cmd_fsm |         44 |         44 |       0 |    0 |     2 |      0 |      0 |          0 |
|                 cmd_translator_0                     |              mlp_bd_auto_pc_0_axi_protocol_converter_v2_1_26_b2s_cmd_translator |         33 |         33 |       0 |    0 |    68 |      0 |      0 |          0 |
|                   (cmd_translator_0)                 |              mlp_bd_auto_pc_0_axi_protocol_converter_v2_1_26_b2s_cmd_translator |          1 |          1 |       0 |    0 |     3 |      0 |      0 |          0 |
|                   incr_cmd_0                         |                    mlp_bd_auto_pc_0_axi_protocol_converter_v2_1_26_b2s_incr_cmd |         22 |         22 |       0 |    0 |    22 |      0 |      0 |          0 |
|                   wrap_cmd_0                         |                    mlp_bd_auto_pc_0_axi_protocol_converter_v2_1_26_b2s_wrap_cmd |         10 |         10 |       0 |    0 |    43 |      0 |      0 |          0 |
|               WR.b_channel_0                         |                   mlp_bd_auto_pc_0_axi_protocol_converter_v2_1_26_b2s_b_channel |         39 |         21 |       0 |   18 |    17 |      0 |      0 |          0 |
|                 (WR.b_channel_0)                     |                   mlp_bd_auto_pc_0_axi_protocol_converter_v2_1_26_b2s_b_channel |          8 |          8 |       0 |    0 |    13 |      0 |      0 |          0 |
|                 bid_fifo_0                           |                 mlp_bd_auto_pc_0_axi_protocol_converter_v2_1_26_b2s_simple_fifo |         25 |          9 |       0 |   16 |     2 |      0 |      0 |          0 |
|                 bresp_fifo_0                         | mlp_bd_auto_pc_0_axi_protocol_converter_v2_1_26_b2s_simple_fifo__parameterized0 |          6 |          4 |       0 |    2 |     2 |      0 |      0 |          0 |
|     rst_ps7_0_50M                                    |                                                          mlp_bd_rst_ps7_0_50M_0 |         19 |         18 |       0 |    1 |    40 |      0 |      0 |          0 |
|       U0                                             |                                           mlp_bd_rst_ps7_0_50M_0_proc_sys_reset |         19 |         18 |       0 |    1 |    40 |      0 |      0 |          0 |
|         (U0)                                         |                                           mlp_bd_rst_ps7_0_50M_0_proc_sys_reset |          0 |          0 |       0 |    0 |     5 |      0 |      0 |          0 |
|         EXT_LPF                                      |                                                      mlp_bd_rst_ps7_0_50M_0_lpf |          6 |          5 |       0 |    1 |    17 |      0 |      0 |          0 |
|           (EXT_LPF)                                  |                                                      mlp_bd_rst_ps7_0_50M_0_lpf |          2 |          1 |       0 |    1 |     9 |      0 |      0 |          0 |
|           ACTIVE_LOW_AUX.ACT_LO_AUX                  |                                                 mlp_bd_rst_ps7_0_50M_0_cdc_sync |          2 |          2 |       0 |    0 |     4 |      0 |      0 |          0 |
|           ACTIVE_LOW_EXT.ACT_LO_EXT                  |                                               mlp_bd_rst_ps7_0_50M_0_cdc_sync_0 |          2 |          2 |       0 |    0 |     4 |      0 |      0 |          0 |
|         SEQ                                          |                                             mlp_bd_rst_ps7_0_50M_0_sequence_psr |         13 |         13 |       0 |    0 |    18 |      0 |      0 |          0 |
|           (SEQ)                                      |                                             mlp_bd_rst_ps7_0_50M_0_sequence_psr |          8 |          8 |       0 |    0 |    12 |      0 |      0 |          0 |
|           SEQ_COUNTER                                |                                                  mlp_bd_rst_ps7_0_50M_0_upcnt_n |          5 |          5 |       0 |    0 |     6 |      0 |      0 |          0 |
+------------------------------------------------------+---------------------------------------------------------------------------------+------------+------------+---------+------+-------+--------+--------+------------+


